2026-06-03 11:26:23, MOVE, v:1, k:ed@distancia, mode:PICK
2026-06-03 11:26:38, MOVE, v:1, k:ed@distancia, mode:BACK
2026-06-03 11:27:24, MOVE, v:1, k:ed@vetbuild, mode:PICK
2026-06-03 11:27:28, EXEC, v:1, k:ed@vetbuild, mode:FULL, rate:100
2026-06-03 11:27:29, MOVE, v:1, k:ed@vetbuild, mode:BACK
2026-06-03 11:28:18, MOVE, v:1, k:ed@vetbuild, mode:PICK
2026-06-03 11:28:44, MOVE, v:1, k:ed@vetbuild, mode:BACK
2026-06-03 11:28:58, MOVE, v:1, k:ed@vetbuild, mode:PICK
2026-06-03 11:30:28, MOVE, v:1, k:ed@vetbuild, mode:BACK
2026-06-03 11:32:12, MOVE, v:1, k:ed@vetbuild, mode:PICK
2026-06-03 11:34:50, EXEC, v:1, k:ed@vetbuild, mode:FULL, rate:100, size:265
2026-06-03 11:34:47, MOVE, v:1, k:ed@vetbuild, mode:EDIT
2026-06-03 11:34:50, MOVE, v:1, k:ed@vetbuild, mode:EDIT
2026-06-03 11:38:06, EXEC, v:1, k:ed@vetbuild, mode:FULL, rate:100, size:262
2026-06-03 11:38:04, MOVE, v:1, k:ed@vetbuild, mode:EDIT
2026-06-03 11:38:06, MOVE, v:1, k:ed@vetbuild, mode:EDIT
2026-06-03 12:35:01, MOVE, v:1, k:ed@vetbuild, mode:PICK
2026-06-03 12:35:04, MOVE, v:1, k:ed@vetbuild, mode:BACK
2026-06-03 12:35:14, MOVE, v:1, k:ed@vetbuild, mode:PICK
2026-06-03 13:36:26, MOVE, v:1, k:ed@distancia, mode:PICK
2026-06-03 13:36:30, EXEC, v:1, k:ed@distancia, mode:FULL, rate:0, size:5
2026-06-03 13:38:43, MOVE, v:1, k:ed@distancia, mode:BACK
2026-06-03 13:39:39, SELF, v:1, k:ed@vetbuild, self:1, rate:100, study:800, concept:1, refactor:1
2026-06-03 13:36:30, MOVE, v:1, k:ed@distancia, mode:EDIT
2026-06-03 13:59:23, MOVE, v:1, k:ed@setbuild, mode:DOWN
2026-06-03 13:59:27, MOVE, v:1, k:ed@setbuild, mode:PICK
2026-06-03 13:59:23, MOVE, v:1, k:ed@setbuild, mode:EDIT
2026-06-03 13:59:23, MOVE, v:1, k:ed@setbuild, mode:EDIT
2026-06-03 13:59:23, MOVE, v:1, k:ed@setbuild, mode:EDIT
2026-06-03 13:59:23, MOVE, v:1, k:ed@setbuild, mode:EDIT
2026-06-03 17:45:55, MOVE, v:1, k:ed@distancia, mode:PICK
2026-06-03 17:57:01, MOVE, v:1, k:ed@setbuild, mode:EDIT
2026-06-03 18:14:12, MOVE, v:1, k:ed@setbuild, mode:EDIT
2026-06-03 18:28:28, MOVE, v:1, k:ed@distancia, mode:BACK
2026-06-03 18:29:15, MOVE, v:1, k:ed@setbuild, mode:PICK
2026-06-03 19:21:36, MOVE, v:1, k:ed@setbuild, mode:PICK
2026-06-03 19:21:40, MOVE, v:1, k:ed@setbuild, mode:BACK
2026-06-03 19:22:11, MOVE, v:1, k:ed@setbuild, mode:PICK
2026-06-03 19:22:15, EXEC, v:1, k:ed@setbuild, mode:FULL, rate:0, size:46
2026-06-03 19:22:16, MOVE, v:1, k:ed@setbuild, mode:BACK
2026-06-03 19:22:23, MOVE, v:1, k:ed@setbuild, mode:PICK
2026-06-03 19:22:15, MOVE, v:1, k:ed@setbuild, mode:EDIT
2026-06-03 19:45:44, MOVE, v:1, k:ed@setbuild, mode:EDIT
2026-06-03 19:55:15, MOVE, v:1, k:ed@setbuild, mode:BACK
2026-06-03 19:55:29, MOVE, v:1, k:ed@bettersearch, mode:DOWN
2026-06-03 19:55:31, MOVE, v:1, k:ed@bettersearch, mode:PICK
2026-06-03 19:55:29, MOVE, v:1, k:ed@bettersearch, mode:EDIT
2026-06-03 19:55:29, MOVE, v:1, k:ed@bettersearch, mode:EDIT
2026-06-03 19:55:29, MOVE, v:1, k:ed@bettersearch, mode:EDIT
