2026-06-08 00:01:45, MOVE, v:1, k:ed@bettersearch, mode:PICK
2026-06-08 00:03:41, MOVE, v:1, k:ed@bettersearch, mode:BACK
2026-06-08 00:05:53, MOVE, v:1, k:ed@setbuild, mode:PICK
2026-06-08 00:05:55, MOVE, v:1, k:ed@setbuild, mode:BACK
2026-06-08 00:06:08, MOVE, v:1, k:ed@setbuild, mode:PICK
2026-06-08 00:27:03, EXEC, v:1, k:ed@setbuild, mode:FULL, size:78, fail:COMP
2026-06-08 00:27:04, MOVE, v:1, k:ed@setbuild, mode:BACK
2026-06-08 00:27:28, MOVE, v:1, k:ed@setbuild, mode:PICK
2026-06-08 00:28:09, MOVE, v:1, k:ed@setbuild, mode:EDIT
2026-06-08 00:36:50, MOVE, v:1, k:ed@setbuild, mode:EDIT
2026-06-08 00:41:40, MOVE, v:1, k:ed@setbuild, mode:EDIT
2026-06-08 01:07:12, MOVE, v:1, k:ed@setbuild, mode:BACK
2026-06-08 01:08:18, MOVE, v:1, k:ed@setbuild, mode:PICK
2026-06-08 01:10:55, MOVE, v:1, k:ed@setbuild, mode:EDIT
2026-06-08 01:15:43, EXEC, v:1, k:ed@setbuild, mode:FULL, size:90, fail:COMP
2026-06-08 01:16:59, MOVE, v:1, k:ed@setbuild, mode:BACK
2026-06-08 01:17:32, MOVE, v:1, k:ed@setbuild, mode:DOWN
2026-06-08 01:17:55, MOVE, v:1, k:ed@setbuild, mode:DOWN
2026-06-08 01:18:06, MOVE, v:1, k:ed@setbuild, mode:PICK
2026-06-08 01:18:34, EXEC, v:1, k:ed@setbuild, mode:FULL, rate:0, size:63
2026-06-08 01:18:46, MOVE, v:1, k:ed@setbuild, mode:BACK
2026-06-08 01:19:15, MOVE, v:1, k:ed@setbuild, mode:PICK
2026-06-08 01:20:41, EXEC, v:1, k:ed@setbuild, mode:FULL, size:64, fail:COMP
2026-06-08 01:17:32, MOVE, v:1, k:ed@setbuild, mode:EDIT
2026-06-08 01:17:32, MOVE, v:1, k:ed@setbuild, mode:EDIT
2026-06-08 01:17:55, MOVE, v:1, k:ed@setbuild, mode:EDIT
2026-06-08 01:17:55, MOVE, v:1, k:ed@setbuild, mode:EDIT
2026-06-08 01:20:35, MOVE, v:1, k:ed@setbuild, mode:EDIT
2026-06-08 01:18:34, MOVE, v:1, k:ed@setbuild, mode:EDIT
2026-06-08 01:22:18, EXEC, v:1, k:ed@setbuild, mode:FULL, rate:0, size:65
2026-06-08 01:26:47, MOVE, v:1, k:ed@setbuild, mode:EDIT
2026-06-08 01:22:18, MOVE, v:1, k:ed@setbuild, mode:EDIT
2026-06-08 01:28:19, MOVE, v:1, k:ed@setbuild, mode:BACK
2026-06-08 01:28:53, MOVE, v:1, k:ed@setbuild, mode:PICK
2026-06-08 01:37:51, EXEC, v:1, k:ed@setbuild, mode:FULL, rate:0, size:91
2026-06-08 01:38:11, MOVE, v:1, k:ed@setbuild, mode:BACK
2026-06-08 01:37:50, MOVE, v:1, k:ed@setbuild, mode:EDIT
2026-06-08 01:37:51, MOVE, v:1, k:ed@setbuild, mode:EDIT
2026-06-08 01:39:05, MOVE, v:1, k:ed@setbuild, mode:PICK
2026-06-08 01:51:02, MOVE, v:1, k:ed@setbuild, mode:BACK
2026-06-08 01:51:16, MOVE, v:1, k:ed@setbuild, mode:PICK
2026-06-08 01:56:12, MOVE, v:1, k:ed@setbuild, mode:BACK
2026-06-08 01:56:28, MOVE, v:1, k:ed@setbuild, mode:PICK
2026-06-08 01:56:30, EXEC, v:1, k:ed@setbuild, mode:FULL, rate:0
2026-06-08 02:00:26, MOVE, v:1, k:ed@setbuild, mode:BACK
2026-06-08 02:00:36, MOVE, v:1, k:ed@setbuild, mode:PICK
2026-06-08 02:00:39, EXEC, v:1, k:ed@setbuild, mode:FULL, rate:0
2026-06-08 02:00:39, MOVE, v:1, k:ed@setbuild, mode:EDIT
2026-06-08 02:09:07, MOVE, v:1, k:ed@setbuild, mode:BACK
2026-06-08 02:09:20, MOVE, v:1, k:ed@setbuild, mode:PICK
2026-06-08 02:09:22, MOVE, v:1, k:ed@setbuild, mode:BACK
2026-06-08 02:09:25, MOVE, v:1, k:ed@setbuild, mode:PICK
2026-06-08 02:09:26, EXEC, v:1, k:ed@setbuild, mode:FULL, rate:0
2026-06-08 02:09:26, MOVE, v:1, k:ed@setbuild, mode:EDIT
2026-06-08 02:15:56, MOVE, v:1, k:ed@setbuild, mode:BACK
2026-06-08 02:16:08, MOVE, v:1, k:ed@setbuild, mode:PICK
2026-06-08 02:16:10, EXEC, v:1, k:ed@setbuild, mode:FULL, rate:0
2026-06-08 02:16:10, MOVE, v:1, k:ed@setbuild, mode:EDIT
2026-06-08 02:27:02, MOVE, v:1, k:ed@setbuild, mode:BACK
2026-06-08 02:27:10, MOVE, v:1, k:ed@setbuild, mode:PICK
2026-06-08 02:27:18, EXEC, v:1, k:ed@setbuild, mode:FULL, rate:0
2026-06-08 02:27:18, MOVE, v:1, k:ed@setbuild, mode:EDIT
2026-06-08 02:47:02, MOVE, v:1, k:ed@setbuild, mode:BACK
2026-06-08 02:47:19, MOVE, v:1, k:ed@setbuild, mode:PICK
2026-06-08 03:00:11, MOVE, v:1, k:ed@setbuild, mode:BACK
2026-06-08 12:33:17, MOVE, v:1, k:ed@setbuild, mode:PICK
2026-06-08 12:33:26, MOVE, v:1, k:ed@setbuild, mode:BACK
2026-06-08 12:35:29, MOVE, v:1, k:ed@setbuild, mode:PICK
2026-06-08 12:35:33, EXEC, v:1, k:ed@setbuild, mode:FULL, rate:0
2026-06-08 12:37:15, EXEC, v:1, k:ed@setbuild, mode:FULL, rate:0
2026-06-08 12:37:19, EXEC, v:1, k:ed@setbuild, mode:FREE
2026-06-08 12:37:19, MOVE, v:1, k:ed@setbuild, mode:EDIT
2026-06-08 12:55:08, MOVE, v:1, k:ed@setbuild, mode:BACK
2026-06-08 12:55:33, MOVE, v:1, k:ed@setbuild, mode:PICK
2026-06-08 12:59:30, EXEC, v:1, k:ed@setbuild, mode:FULL, rate:0, size:102
2026-06-08 12:59:44, MOVE, v:1, k:ed@setbuild, mode:BACK
2026-06-08 12:59:46, MOVE, v:1, k:ed@setbuild, mode:PICK
2026-06-08 12:59:47, MOVE, v:1, k:ed@setbuild, mode:BACK
2026-06-08 12:59:54, MOVE, v:1, k:ed@setbuild, mode:PICK
2026-06-08 12:59:57, EXEC, v:1, k:ed@setbuild, mode:FREE
2026-06-08 13:01:10, EXEC, v:1, k:ed@setbuild, mode:FULL, rate:0
2026-06-08 13:01:13, EXEC, v:1, k:ed@setbuild, mode:FREE
2026-06-08 13:01:13, MOVE, v:1, k:ed@setbuild, mode:EDIT
2026-06-08 13:05:08, MOVE, v:1, k:ed@setbuild, mode:BACK
2026-06-08 13:05:09, MOVE, v:1, k:ed@setbuild, mode:PICK
2026-06-08 13:05:06, MOVE, v:1, k:ed@setbuild, mode:EDIT
2026-06-08 13:11:42, EXEC, v:1, k:ed@setbuild, mode:FULL, rate:0, size:105
2026-06-08 13:11:42, MOVE, v:1, k:ed@setbuild, mode:EDIT
2026-06-08 13:22:34, EXEC, v:1, k:ed@setbuild, mode:FULL, size:114, fail:COMP
2026-06-08 13:23:04, EXEC, v:1, k:ed@setbuild, mode:FULL, rate:0, size:119
2026-06-08 13:24:23, MOVE, v:1, k:ed@setbuild, mode:EDIT
2026-06-08 13:23:04, MOVE, v:1, k:ed@setbuild, mode:EDIT
2026-06-08 13:28:11, EXEC, v:1, k:ed@setbuild, mode:FULL, rate:0, size:114
2026-06-08 13:28:09, MOVE, v:1, k:ed@setbuild, mode:EDIT
2026-06-08 13:28:10, MOVE, v:1, k:ed@setbuild, mode:EDIT
2026-06-08 13:32:00, EXEC, v:1, k:ed@setbuild, mode:FULL, rate:0, size:118
2026-06-08 13:31:58, MOVE, v:1, k:ed@setbuild, mode:EDIT
2026-06-08 13:32:00, MOVE, v:1, k:ed@setbuild, mode:EDIT
2026-06-08 13:38:46, MOVE, v:1, k:ed@setbuild, mode:BACK
2026-06-08 13:38:58, MOVE, v:1, k:ed@setbuild, mode:PICK
2026-06-08 13:38:59, MOVE, v:1, k:ed@setbuild, mode:BACK
2026-06-08 13:39:05, MOVE, v:1, k:ed@setbuild, mode:PICK
2026-06-08 13:48:50, MOVE, v:1, k:ed@setbuild, mode:EDIT
2026-06-08 13:53:25, MOVE, v:1, k:ed@setbuild, mode:EDIT
2026-06-08 13:56:43, EXEC, v:1, k:ed@setbuild, mode:FULL, size:136, fail:COMP
2026-06-08 13:57:00, EXEC, v:1, k:ed@setbuild, mode:FULL, rate:0, size:137
2026-06-08 13:56:59, MOVE, v:1, k:ed@setbuild, mode:EDIT
2026-06-08 13:57:00, MOVE, v:1, k:ed@setbuild, mode:EDIT
2026-06-08 14:04:17, MOVE, v:1, k:ed@setbuild, mode:BACK
2026-06-08 14:04:28, MOVE, v:1, k:ed@setbuild, mode:PICK
2026-06-08 14:04:30, EXEC, v:1, k:ed@setbuild, mode:FULL, rate:0
2026-06-08 14:04:30, MOVE, v:1, k:ed@setbuild, mode:EDIT
2026-06-08 14:12:01, EXEC, v:1, k:ed@setbuild, mode:FULL, rate:0, size:141
2026-06-08 14:11:57, MOVE, v:1, k:ed@setbuild, mode:EDIT
2026-06-08 14:12:01, MOVE, v:1, k:ed@setbuild, mode:EDIT
2026-06-08 14:15:01, MOVE, v:1, k:ed@setbuild, mode:BACK
2026-06-08 14:15:09, MOVE, v:1, k:ed@setbuild, mode:PICK
2026-06-08 14:15:12, EXEC, v:1, k:ed@setbuild, mode:FULL, rate:0
2026-06-08 14:15:12, MOVE, v:1, k:ed@setbuild, mode:EDIT
2026-06-08 14:39:59, MOVE, v:1, k:ed@setbuild, mode:EDIT
2026-06-08 14:43:01, EXEC, v:1, k:ed@setbuild, mode:FULL, rate:0, size:156
2026-06-08 14:42:51, MOVE, v:1, k:ed@setbuild, mode:EDIT
2026-06-08 14:43:01, MOVE, v:1, k:ed@setbuild, mode:EDIT
2026-06-08 14:46:40, MOVE, v:1, k:ed@setbuild, mode:BACK
2026-06-08 14:47:03, MOVE, v:1, k:ed@setbuild, mode:PICK
2026-06-08 14:47:05, MOVE, v:1, k:ed@setbuild, mode:BACK
2026-06-08 14:47:10, MOVE, v:1, k:ed@setbuild, mode:PICK
2026-06-08 14:48:58, EXEC, v:1, k:ed@setbuild, mode:FULL, rate:0, size:151
2026-06-08 14:51:32, MOVE, v:1, k:ed@setbuild, mode:BACK
2026-06-08 14:51:47, MOVE, v:1, k:ed@setbuild, mode:PICK
2026-06-08 14:55:40, MOVE, v:1, k:ed@setbuild, mode:BACK
2026-06-08 14:56:04, MOVE, v:1, k:ed@setbuild, mode:PICK
2026-06-08 14:56:32, EXEC, v:1, k:ed@setbuild, mode:FULL, rate:0, size:125
2026-06-08 14:57:14, EXEC, v:1, k:ed@setbuild, mode:FULL, rate:0, size:125
2026-06-08 14:57:57, EXEC, v:1, k:ed@setbuild, mode:FULL, rate:0, size:125
2026-06-08 14:58:02, EXEC, v:1, k:ed@setbuild, mode:FULL, rate:0, size:125
2026-06-08 14:58:25, EXEC, v:1, k:ed@setbuild, mode:FULL, rate:0, size:125
2026-06-08 14:58:14, MOVE, v:1, k:ed@setbuild, mode:EDIT
2026-06-08 14:58:25, MOVE, v:1, k:ed@setbuild, mode:EDIT
2026-06-08 15:02:08, EXEC, v:1, k:ed@setbuild, mode:FULL, rate:0, size:137
2026-06-08 15:02:52, EXEC, v:1, k:ed@setbuild, mode:FULL, rate:66, size:137
2026-06-08 15:02:56, MOVE, v:1, k:ed@setbuild, mode:BACK
2026-06-08 15:03:17, MOVE, v:1, k:ed@setbuild, mode:PICK
2026-06-08 15:03:24, EXEC, v:1, k:ed@setbuild, mode:FULL, rate:66
2026-06-08 15:03:52, EXEC, v:1, k:ed@setbuild, mode:FULL, rate:66, size:137
2026-06-08 15:03:59, EXEC, v:1, k:ed@setbuild, mode:FULL, rate:100, size:137
2026-06-08 15:04:04, MOVE, v:1, k:ed@setbuild, mode:BACK
2026-06-08 15:08:59, MOVE, v:1, k:ed@setbuild, mode:PICK
2026-06-08 15:09:01, EXEC, v:1, k:ed@setbuild, mode:FULL, rate:100
2026-06-08 15:09:01, MOVE, v:1, k:ed@setbuild, mode:EDIT
2026-06-08 15:12:05, MOVE, v:1, k:ed@setbuild, mode:BACK
2026-06-08 15:12:11, MOVE, v:1, k:ed@setbuild, mode:PICK
2026-06-08 15:13:24, MOVE, v:1, k:ed@setbuild, mode:BACK
2026-06-08 15:16:12, SELF, v:1, k:ed@setbuild, self:1, rate:100, study:420, concept:1, refactor:1
2026-06-08 15:25:51, MOVE, v:1, k:ed@lista_d1, mode:DOWN
2026-06-08 15:25:53, MOVE, v:1, k:ed@lista_d1, mode:PICK
2026-06-08 15:26:04, EXEC, v:1, k:ed@lista_d1, mode:FULL, rate:0, size:57
2026-06-08 15:26:21, MOVE, v:1, k:ed@lista_d1, mode:BACK
2026-06-08 15:26:46, MOVE, v:1, k:ed@lista_d1, mode:PICK
2026-06-08 15:27:15, MOVE, v:1, k:ed@lista_d1, mode:BACK
2026-06-08 15:25:51, MOVE, v:1, k:ed@lista_d1, mode:EDIT
2026-06-08 15:25:51, MOVE, v:1, k:ed@lista_d1, mode:EDIT
2026-06-08 15:25:51, MOVE, v:1, k:ed@lista_d1, mode:EDIT
2026-06-08 15:25:51, MOVE, v:1, k:ed@lista_d1, mode:EDIT
2026-06-08 15:26:04, MOVE, v:1, k:ed@lista_d1, mode:EDIT
2026-06-08 15:52:20, MOVE, v:1, k:ed@lista_d1, mode:PICK
2026-06-08 15:52:25, MOVE, v:1, k:ed@lista_d1, mode:BACK
2026-06-08 15:52:33, MOVE, v:1, k:ed@lista_d1, mode:PICK
2026-06-08 15:53:49, MOVE, v:1, k:ed@lista_d1, mode:BACK
2026-06-08 15:54:04, MOVE, v:1, k:ed@lista_d1, mode:PICK
2026-06-08 16:03:08, EXEC, v:1, k:ed@lista_d1, mode:FULL, rate:0, size:71
2026-06-08 16:03:16, MOVE, v:1, k:ed@lista_d1, mode:BACK
2026-06-08 16:03:35, MOVE, v:1, k:ed@lista_d1, mode:PICK
2026-06-08 16:08:04, MOVE, v:1, k:ed@lista_d1, mode:EDIT
2026-06-08 16:10:06, MOVE, v:1, k:ed@lista_d1, mode:EDIT
2026-06-08 16:18:31, MOVE, v:1, k:ed@lista_d1, mode:EDIT
2026-06-08 16:20:57, EXEC, v:1, k:ed@lista_d1, mode:FULL, rate:0, size:80
2026-06-08 16:21:00, MOVE, v:1, k:ed@lista_d1, mode:BACK
2026-06-08 16:21:10, MOVE, v:1, k:ed@lista_d1, mode:PICK
2026-06-08 16:28:46, MOVE, v:1, k:ed@lista_d1, mode:BACK
2026-06-08 16:28:56, MOVE, v:1, k:ed@lista_d1, mode:PICK
2026-06-08 16:29:15, EXEC, v:1, k:ed@lista_d1, mode:FULL, rate:0
2026-06-08 16:29:15, MOVE, v:1, k:ed@lista_d1, mode:EDIT
2026-06-08 16:33:34, MOVE, v:1, k:ed@lista_d1, mode:EDIT
2026-06-08 16:35:55, EXEC, v:1, k:ed@lista_d1, mode:FULL, rate:0, size:94
2026-06-08 16:36:15, MOVE, v:1, k:ed@lista_d1, mode:BACK
2026-06-08 16:36:25, MOVE, v:1, k:ed@lista_d1, mode:PICK
2026-06-08 16:44:24, MOVE, v:1, k:ed@lista_d1, mode:BACK
2026-06-08 16:44:31, MOVE, v:1, k:ed@lista_d1, mode:PICK
2026-06-08 16:48:41, MOVE, v:1, k:ed@lista_d1, mode:EDIT
2026-06-08 16:49:37, EXEC, v:1, k:ed@lista_d1, mode:FULL, rate:14, size:104
2026-06-08 16:49:42, MOVE, v:1, k:ed@lista_d1, mode:BACK
2026-06-08 16:49:51, MOVE, v:1, k:ed@lista_d1, mode:PICK
2026-06-08 16:54:25, MOVE, v:1, k:ed@lista_d1, mode:EDIT
2026-06-08 16:49:37, MOVE, v:1, k:ed@lista_d1, mode:EDIT
2026-06-08 16:55:02, EXEC, v:1, k:ed@lista_d1, mode:FULL, rate:42, size:105
2026-06-08 16:55:12, EXEC, v:1, k:ed@lista_d1, mode:FULL, rate:14, size:105
2026-06-08 16:55:19, MOVE, v:1, k:ed@lista_d1, mode:BACK
2026-06-08 17:00:15, MOVE, v:1, k:ed@lista_d1, mode:PICK
2026-06-08 17:01:12, EXEC, v:1, k:ed@lista_d1, mode:FULL, rate:14, size:115
2026-06-08 17:01:08, MOVE, v:1, k:ed@lista_d1, mode:EDIT
2026-06-08 17:01:12, MOVE, v:1, k:ed@lista_d1, mode:EDIT
2026-06-08 17:12:31, MOVE, v:1, k:ed@lista_d1, mode:BACK
2026-06-08 17:13:39, MOVE, v:1, k:ed@lista_d1, mode:PICK
2026-06-08 17:15:15, EXEC, v:1, k:ed@lista_d1, mode:FULL, rate:14, size:115
2026-06-08 17:15:08, MOVE, v:1, k:ed@lista_d1, mode:EDIT
2026-06-08 17:15:14, MOVE, v:1, k:ed@lista_d1, mode:EDIT
2026-06-08 17:18:47, EXEC, v:1, k:ed@lista_d1, mode:FULL, rate:14, size:115
2026-06-08 17:21:28, EXEC, v:1, k:ed@lista_d1, mode:FULL, rate:14, size:115
2026-06-08 17:21:23, MOVE, v:1, k:ed@lista_d1, mode:EDIT
2026-06-08 17:21:28, MOVE, v:1, k:ed@lista_d1, mode:EDIT
2026-06-08 17:31:42, MOVE, v:1, k:ed@lista_d1, mode:EDIT
2026-06-08 17:33:08, EXEC, v:1, k:ed@lista_d1, mode:FULL, rate:14, size:125
2026-06-08 17:33:11, MOVE, v:1, k:ed@lista_d1, mode:BACK
2026-06-08 17:33:18, MOVE, v:1, k:ed@lista_d1, mode:PICK
2026-06-08 17:33:26, EXEC, v:1, k:ed@lista_d1, mode:FULL, rate:57, size:125
2026-06-08 17:33:25, MOVE, v:1, k:ed@lista_d1, mode:EDIT
2026-06-08 17:33:26, MOVE, v:1, k:ed@lista_d1, mode:EDIT
2026-06-08 17:40:55, MOVE, v:1, k:ed@lista_d1, mode:BACK
2026-06-08 17:41:02, MOVE, v:1, k:ed@lista_d1, mode:PICK
2026-06-08 17:42:33, EXEC, v:1, k:ed@lista_d1, mode:FULL, rate:14, size:136
2026-06-08 17:43:24, EXEC, v:1, k:ed@lista_d1, mode:FULL, rate:14, size:136
2026-06-08 17:45:55, MOVE, v:1, k:ed@lista_d1, mode:EDIT
2026-06-08 17:43:23, MOVE, v:1, k:ed@lista_d1, mode:EDIT
2026-06-08 17:47:00, EXEC, v:1, k:ed@lista_d1, mode:FULL, rate:14, size:139
2026-06-08 17:48:05, MOVE, v:1, k:ed@lista_d1, mode:BACK
2026-06-08 17:48:16, MOVE, v:1, k:ed@lista_d1, mode:PICK
2026-06-08 17:48:18, EXEC, v:1, k:ed@lista_d1, mode:FULL, rate:85, size:139
2026-06-08 17:48:45, EXEC, v:1, k:ed@lista_d1, mode:FULL, rate:14, size:139
2026-06-08 17:49:10, EXEC, v:1, k:ed@lista_d1, mode:FULL, rate:85, size:139
2026-06-08 17:50:49, MOVE, v:1, k:ed@lista_d1, mode:BACK
2026-06-08 17:51:01, MOVE, v:1, k:ed@lista_d1, mode:PICK
2026-06-08 17:51:09, MOVE, v:1, k:ed@lista_d1, mode:BACK
2026-06-08 17:51:29, MOVE, v:1, k:ed@lista_d1, mode:PICK
2026-06-08 17:51:59, MOVE, v:1, k:ed@lista_d1, mode:BACK
2026-06-08 17:52:03, MOVE, v:1, k:ed@lista_d1, mode:PICK
2026-06-08 18:03:51, MOVE, v:1, k:ed@lista_d1, mode:BACK
2026-06-08 18:04:11, MOVE, v:1, k:ed@lista_d1, mode:PICK
2026-06-08 18:04:19, MOVE, v:1, k:ed@lista_d1, mode:BACK
2026-06-08 18:04:34, MOVE, v:1, k:ed@lista_d1, mode:PICK
2026-06-08 18:08:16, EXEC, v:1, k:ed@lista_d1, mode:FULL, rate:100, size:140
2026-06-08 18:08:32, MOVE, v:1, k:ed@lista_d1, mode:BACK
2026-06-08 18:08:41, MOVE, v:1, k:ed@lista_d1, mode:PICK
2026-06-08 18:08:42, MOVE, v:1, k:ed@lista_d1, mode:BACK
2026-06-08 18:09:03, MOVE, v:1, k:ed@lista_d1, mode:PICK
2026-06-08 18:09:34, MOVE, v:1, k:ed@lista_d1, mode:BACK
2026-06-08 18:09:37, MOVE, v:1, k:ed@lista_d1, mode:PICK
2026-06-08 18:13:29, EXEC, v:1, k:ed@lista_d1, mode:FULL, rate:85, size:140
2026-06-08 18:13:43, EXEC, v:1, k:ed@lista_d1, mode:FULL, rate:100, size:140
2026-06-08 18:13:41, MOVE, v:1, k:ed@lista_d1, mode:EDIT
2026-06-08 18:13:42, MOVE, v:1, k:ed@lista_d1, mode:EDIT
2026-06-08 18:15:25, MOVE, v:1, k:ed@lista_d1, mode:BACK
2026-06-08 18:15:48, MOVE, v:1, k:ed@lista_d1, mode:PICK
2026-06-08 18:21:22, EXEC, v:1, k:ed@lista_d1, mode:FULL, rate:100, size:140
2026-06-08 18:21:25, MOVE, v:1, k:ed@lista_d1, mode:BACK
2026-06-08 18:21:37, MOVE, v:1, k:ed@lista_d1, mode:PICK
2026-06-08 18:23:53, EXEC, v:1, k:ed@lista_d1, mode:FULL, rate:100, size:127
2026-06-08 18:23:54, MOVE, v:1, k:ed@lista_d1, mode:BACK
2026-06-08 18:24:05, MOVE, v:1, k:ed@lista_d1, mode:PICK
2026-06-08 18:25:31, MOVE, v:1, k:ed@lista_d1, mode:BACK
2026-06-08 18:25:44, MOVE, v:1, k:ed@lista_d1, mode:PICK
2026-06-08 18:25:45, EXEC, v:1, k:ed@lista_d1, mode:FULL, rate:100
2026-06-08 18:25:47, MOVE, v:1, k:ed@lista_d1, mode:BACK
2026-06-08 18:25:51, MOVE, v:1, k:ed@lista_d1, mode:PICK
2026-06-08 18:26:09, EXEC, v:1, k:ed@lista_d1, mode:FULL, rate:100, size:126
2026-06-08 18:27:36, MOVE, v:1, k:ed@lista_d1, mode:BACK
2026-06-08 18:27:47, MOVE, v:1, k:ed@lista_d1, mode:PICK
2026-06-08 18:27:50, MOVE, v:1, k:ed@lista_d1, mode:BACK
2026-06-08 18:28:47, MOVE, v:1, k:ed@lista_d1, mode:PICK
2026-06-08 18:29:47, EXEC, v:1, k:ed@lista_d1, mode:FULL, rate:100, size:127
2026-06-08 18:31:14, MOVE, v:1, k:ed@lista_d1, mode:BACK
2026-06-08 18:32:32, SELF, v:1, k:ed@lista_d1, self:1, rate:100, study:230, concept:1, refactor:1
2026-06-08 18:34:15, MOVE, v:1, k:ed@lista_d2, mode:DOWN
2026-06-08 18:34:19, MOVE, v:1, k:ed@lista_d2, mode:PICK
2026-06-08 18:34:44, EXEC, v:1, k:ed@lista_d2, mode:FULL, rate:0, size:93
2026-06-08 18:34:15, MOVE, v:1, k:ed@lista_d2, mode:EDIT
2026-06-08 18:34:15, MOVE, v:1, k:ed@lista_d2, mode:EDIT
2026-06-08 18:34:15, MOVE, v:1, k:ed@lista_d2, mode:EDIT
2026-06-08 18:34:15, MOVE, v:1, k:ed@lista_d2, mode:EDIT
2026-06-08 18:34:44, MOVE, v:1, k:ed@lista_d2, mode:EDIT
2026-06-08 18:40:00, MOVE, v:1, k:ed@lista_d2, mode:BACK
2026-06-08 18:40:15, MOVE, v:1, k:ed@lista_d2, mode:PICK
2026-06-08 18:40:17, EXEC, v:1, k:ed@lista_d2, mode:FULL, rate:0
2026-06-08 18:40:17, MOVE, v:1, k:ed@lista_d2, mode:BACK
2026-06-08 18:40:25, MOVE, v:1, k:ed@lista_d2, mode:PICK
2026-06-08 18:40:16, MOVE, v:1, k:ed@lista_d2, mode:EDIT
2026-06-08 18:57:21, MOVE, v:1, k:ed@lista_d2, mode:BACK
