2026-07-05 00:01:00, EXEC, v:1, k:ed@sudoku, mode:FULL, size:103, fail:COMP
2026-07-05 00:01:34, EXEC, v:1, k:ed@sudoku, mode:FULL, rate:100, size:103
2026-07-05 00:01:43, EXEC, v:1, k:ed@sudoku, mode:FULL, rate:0, size:100
2026-07-05 00:01:52, EXEC, v:1, k:ed@sudoku, mode:FULL, rate:80, size:103
2026-07-05 00:01:55, EXEC, v:1, k:ed@sudoku, mode:FULL, rate:100, size:103
2026-07-05 00:01:58, MOVE, v:1, k:ed@sudoku, mode:BACK
2026-07-05 00:02:04, MOVE, v:1, k:ed@sudoku, mode:PICK
2026-07-05 00:03:14, EXEC, v:1, k:ed@sudoku, mode:FULL, rate:100, size:103
2026-07-05 00:03:15, MOVE, v:1, k:ed@sudoku, mode:BACK
2026-07-05 00:03:52, SELF, v:1, k:ed@sudoku, self:1, rate:100, study:100, concept:1, refactor:1
2026-07-05 00:04:42, MOVE, v:1, k:ed@distancia, mode:PICK
2026-07-05 00:04:44, EXEC, v:1, k:ed@distancia, mode:FULL, rate:0
2026-07-05 00:04:43, MOVE, v:1, k:ed@distancia, mode:EDIT
2026-07-05 00:09:25, MOVE, v:1, k:ed@distancia, mode:EDIT
2026-07-05 00:13:27, MOVE, v:1, k:ed@distancia, mode:EDIT
2026-07-05 00:21:38, EXEC, v:1, k:ed@distancia, mode:FULL, size:23, fail:COMP
2026-07-05 00:21:41, MOVE, v:1, k:ed@distancia, mode:BACK
2026-07-05 12:29:22, MOVE, v:1, k:ed@distancia, mode:PICK
2026-07-05 12:29:24, EXEC, v:1, k:ed@distancia, mode:FULL, fail:COMP
2026-07-05 12:34:31, MOVE, v:1, k:ed@distancia, mode:EDIT
2026-07-05 12:38:40, MOVE, v:1, k:ed@distancia, mode:BACK
2026-07-05 12:38:52, MOVE, v:1, k:ed@distancia, mode:PICK
2026-07-05 12:38:54, EXEC, v:1, k:ed@distancia, mode:FULL, size:31, fail:COMP
2026-07-05 12:38:56, MOVE, v:1, k:ed@distancia, mode:BACK
2026-07-05 12:39:00, MOVE, v:1, k:ed@distancia, mode:PICK
2026-07-05 12:48:48, MOVE, v:1, k:ed@distancia, mode:BACK
2026-07-05 12:48:29, MOVE, v:1, k:ed@distancia, mode:EDIT
2026-07-05 12:49:04, MOVE, v:1, k:ed@distancia, mode:PICK
2026-07-05 12:49:06, EXEC, v:1, k:ed@distancia, mode:FULL, size:38, fail:COMP
2026-07-05 12:49:07, MOVE, v:1, k:ed@distancia, mode:BACK
2026-07-05 12:49:12, MOVE, v:1, k:ed@distancia, mode:PICK
2026-07-05 12:52:23, EXEC, v:1, k:ed@distancia, mode:FULL, size:38, fail:COMP
2026-07-05 12:52:22, MOVE, v:1, k:ed@distancia, mode:EDIT
2026-07-05 12:56:41, EXEC, v:1, k:ed@distancia, mode:FULL, rate:0, size:44
2026-07-05 12:56:58, EXEC, v:1, k:ed@distancia, mode:FULL, rate:0
2026-07-05 12:56:59, MOVE, v:1, k:ed@distancia, mode:BACK
2026-07-05 12:57:09, MOVE, v:1, k:ed@distancia, mode:PICK
2026-07-05 13:06:12, EXEC, v:1, k:ed@distancia, mode:FULL, rate:0
2026-07-05 13:02:15, MOVE, v:1, k:ed@distancia, mode:EDIT
2026-07-05 13:06:12, MOVE, v:1, k:ed@distancia, mode:EDIT
2026-07-05 13:12:00, MOVE, v:1, k:ed@distancia, mode:EDIT
2026-07-05 13:14:15, MOVE, v:1, k:ed@distancia, mode:EDIT
2026-07-05 13:24:52, EXEC, v:1, k:ed@distancia, mode:FULL, size:50, fail:COMP
2026-07-05 13:25:41, MOVE, v:1, k:ed@distancia, mode:EDIT
2026-07-05 13:31:33, MOVE, v:1, k:ed@distancia, mode:EDIT
2026-07-05 13:33:11, EXEC, v:1, k:ed@distancia, mode:FULL, size:52, fail:COMP
2026-07-05 13:33:59, EXEC, v:1, k:ed@distancia, mode:FULL, size:54, fail:COMP
2026-07-05 13:34:19, EXEC, v:1, k:ed@distancia, mode:FULL, fail:COMP
2026-07-05 13:34:49, MOVE, v:1, k:ed@distancia, mode:BACK
2026-07-05 13:35:27, MOVE, v:1, k:ed@distancia, mode:PICK
2026-07-05 13:35:27, EXEC, v:1, k:ed@distancia, mode:FULL, fail:COMP
2026-07-05 13:35:29, MOVE, v:1, k:ed@distancia, mode:BACK
2026-07-05 13:35:36, MOVE, v:1, k:ed@distancia, mode:PICK
2026-07-05 13:35:37, EXEC, v:1, k:ed@distancia, mode:FULL, fail:COMP
2026-07-05 13:40:24, MOVE, v:1, k:ed@distancia, mode:EDIT
2026-07-05 13:45:10, EXEC, v:1, k:ed@distancia, mode:FULL, size:58, fail:COMP
2026-07-05 13:42:09, MOVE, v:1, k:ed@distancia, mode:EDIT
2026-07-05 13:45:39, EXEC, v:1, k:ed@distancia, mode:FULL, size:58, fail:COMP
2026-07-05 13:46:04, EXEC, v:1, k:ed@distancia, mode:FULL, size:59, fail:COMP
2026-07-05 13:46:17, EXEC, v:1, k:ed@distancia, mode:FULL, size:59, fail:COMP
2026-07-05 13:48:19, MOVE, v:1, k:ed@distancia, mode:EDIT
2026-07-05 13:57:03, EXEC, v:1, k:ed@distancia, mode:FULL, size:55, fail:COMP
2026-07-05 13:57:04, MOVE, v:1, k:ed@distancia, mode:BACK
2026-07-05 13:57:17, MOVE, v:1, k:ed@distancia, mode:PICK
2026-07-05 13:57:18, EXEC, v:1, k:ed@distancia, mode:FULL, fail:COMP
2026-07-05 14:02:05, MOVE, v:1, k:ed@distancia, mode:EDIT
2026-07-05 14:03:16, EXEC, v:1, k:ed@distancia, mode:FULL, size:61, fail:COMP
2026-07-05 14:03:39, EXEC, v:1, k:ed@distancia, mode:FULL, size:59, fail:COMP
2026-07-05 14:04:00, EXEC, v:1, k:ed@distancia, mode:FULL, size:59, fail:COMP
2026-07-05 14:05:42, EXEC, v:1, k:ed@distancia, mode:FULL, size:58, fail:COMP
2026-07-05 14:06:02, EXEC, v:1, k:ed@distancia, mode:FULL, size:57, fail:COMP
2026-07-05 14:06:22, EXEC, v:1, k:ed@distancia, mode:FULL, size:57, fail:COMP
2026-07-05 14:06:22, MOVE, v:1, k:ed@distancia, mode:EDIT
2026-07-05 14:08:22, EXEC, v:1, k:ed@distancia, mode:FULL, size:57, fail:COMP
2026-07-05 14:09:39, EXEC, v:1, k:ed@distancia, mode:FULL, size:57, fail:COMP
2026-07-05 14:09:36, MOVE, v:1, k:ed@distancia, mode:EDIT
2026-07-05 14:13:28, EXEC, v:1, k:ed@distancia, mode:FULL, size:57, fail:COMP
2026-07-05 14:13:58, EXEC, v:1, k:ed@distancia, mode:FULL, size:57, fail:COMP
2026-07-05 14:14:04, EXEC, v:1, k:ed@distancia, mode:FULL, size:57, fail:COMP
2026-07-05 14:16:14, EXEC, v:1, k:ed@distancia, mode:FULL, size:57, fail:COMP
2026-07-05 14:16:49, EXEC, v:1, k:ed@distancia, mode:FULL, size:57, fail:COMP
2026-07-05 14:17:04, MOVE, v:1, k:ed@distancia, mode:EDIT
2026-07-05 14:17:08, EXEC, v:1, k:ed@distancia, mode:FULL, size:57, fail:COMP
2026-07-05 14:17:55, EXEC, v:1, k:ed@distancia, mode:FULL, size:57, fail:COMP
2026-07-05 14:18:03, EXEC, v:1, k:ed@distancia, mode:FULL, size:57, fail:COMP
2026-07-05 14:18:09, EXEC, v:1, k:ed@distancia, mode:FULL, size:57, fail:COMP
2026-07-05 14:18:50, EXEC, v:1, k:ed@distancia, mode:FULL, size:57, fail:COMP
2026-07-05 14:19:27, EXEC, v:1, k:ed@distancia, mode:FULL, rate:0, size:57
2026-07-05 14:19:55, EXEC, v:1, k:ed@distancia, mode:FULL, rate:0, size:57
2026-07-05 14:20:09, EXEC, v:1, k:ed@distancia, mode:FULL, rate:100, size:57
2026-07-05 14:20:14, MOVE, v:1, k:ed@distancia, mode:BACK
2026-07-05 14:20:38, SELF, v:1, k:ed@distancia, self:1, rate:100, study:140, concept:1, refactor:1
2026-07-05 14:20:52, MOVE, v:1, k:ed@wordsearch, mode:PICK
2026-07-05 14:20:53, MOVE, v:1, k:ed@wordsearch, mode:BACK
2026-07-05 14:20:55, MOVE, v:1, k:ed@wordsearch, mode:PICK
2026-07-05 14:21:40, MOVE, v:1, k:ed@wordsearch, mode:BACK
2026-07-05 14:21:50, MOVE, v:1, k:ed@wordsearch, mode:PICK
2026-07-05 14:22:38, MOVE, v:1, k:ed@wordsearch, mode:BACK
2026-07-05 14:22:59, MOVE, v:1, k:ed@wordsearch, mode:PICK
2026-07-05 14:23:01, EXEC, v:1, k:ed@wordsearch, mode:FULL, rate:25, size:62
2026-07-05 14:21:01, MOVE, v:1, k:ed@wordsearch, mode:EDIT
2026-07-05 14:21:01, MOVE, v:1, k:ed@wordsearch, mode:EDIT
2026-07-05 14:23:00, MOVE, v:1, k:ed@wordsearch, mode:EDIT
2026-07-05 14:47:34, EXEC, v:1, k:ed@wordsearch, mode:FULL, rate:25
2026-07-05 14:47:36, MOVE, v:1, k:ed@wordsearch, mode:BACK
2026-07-05 14:47:48, MOVE, v:1, k:ed@wordsearch, mode:PICK
2026-07-05 14:47:50, EXEC, v:1, k:ed@wordsearch, mode:FULL, rate:25
2026-07-05 14:47:49, MOVE, v:1, k:ed@wordsearch, mode:EDIT
2026-07-05 15:26:04, EXEC, v:1, k:ed@wordsearch, mode:FULL, rate:25
2026-07-05 15:26:05, MOVE, v:1, k:ed@wordsearch, mode:BACK
2026-07-05 15:26:12, MOVE, v:1, k:ed@wordsearch, mode:PICK
2026-07-05 15:26:39, MOVE, v:1, k:ed@wordsearch, mode:EDIT
2026-07-05 15:34:21, MOVE, v:1, k:ed@wordsearch, mode:EDIT
2026-07-05 15:40:56, MOVE, v:1, k:ed@wordsearch, mode:EDIT
2026-07-05 15:46:05, MOVE, v:1, k:ed@wordsearch, mode:EDIT
2026-07-05 15:51:35, EXEC, v:1, k:ed@wordsearch, mode:FULL, rate:0, size:75
2026-07-05 15:51:33, MOVE, v:1, k:ed@wordsearch, mode:EDIT
2026-07-05 15:56:07, MOVE, v:1, k:ed@wordsearch, mode:EDIT
2026-07-05 15:56:11, MOVE, v:1, k:ed@wordsearch, mode:EDIT
2026-07-05 16:03:20, EXEC, v:1, k:ed@wordsearch, mode:FULL, rate:25, size:80
2026-07-05 16:03:21, MOVE, v:1, k:ed@wordsearch, mode:BACK
2026-07-05 16:03:34, MOVE, v:1, k:ed@wordsearch, mode:PICK
2026-07-05 16:03:36, EXEC, v:1, k:ed@wordsearch, mode:FULL, rate:25
2026-07-05 16:03:35, MOVE, v:1, k:ed@wordsearch, mode:EDIT
2026-07-05 16:13:31, EXEC, v:1, k:ed@wordsearch, mode:FULL, rate:25
2026-07-05 16:14:18, EXEC, v:1, k:ed@wordsearch, mode:FULL, rate:25, size:85
2026-07-05 16:18:25, EXEC, v:1, k:ed@wordsearch, mode:FULL, size:90, fail:COMP
2026-07-05 16:14:17, MOVE, v:1, k:ed@wordsearch, mode:EDIT
2026-07-05 16:17:13, MOVE, v:1, k:ed@wordsearch, mode:EDIT
2026-07-05 16:18:49, EXEC, v:1, k:ed@wordsearch, mode:FULL, rate:0, size:92
2026-07-05 16:19:04, EXEC, v:1, k:ed@wordsearch, mode:FULL, rate:0, size:93
2026-07-05 16:19:17, MOVE, v:1, k:ed@wordsearch, mode:BACK
2026-07-05 16:19:23, MOVE, v:1, k:ed@wordsearch, mode:PICK
2026-07-05 16:19:25, EXEC, v:1, k:ed@wordsearch, mode:FULL, rate:0
2026-07-05 16:21:25, EXEC, v:1, k:ed@wordsearch, mode:FULL, rate:0, size:95
2026-07-05 16:22:31, EXEC, v:1, k:ed@wordsearch, mode:FULL, rate:0, size:99
2026-07-05 16:24:03, EXEC, v:1, k:ed@wordsearch, mode:FULL, rate:75, size:99
2026-07-05 16:24:02, MOVE, v:1, k:ed@wordsearch, mode:EDIT
2026-07-05 16:23:46, MOVE, v:1, k:ed@wordsearch, mode:EDIT
2026-07-05 16:25:01, EXEC, v:1, k:ed@wordsearch, mode:FULL, rate:75
2026-07-05 16:25:01, MOVE, v:1, k:ed@wordsearch, mode:BACK
2026-07-05 16:25:10, MOVE, v:1, k:ed@wordsearch, mode:PICK
2026-07-05 16:25:11, EXEC, v:1, k:ed@wordsearch, mode:FULL, rate:75
2026-07-05 16:25:11, MOVE, v:1, k:ed@wordsearch, mode:EDIT
2026-07-05 16:32:39, EXEC, v:1, k:ed@wordsearch, mode:FULL, rate:75, size:99
2026-07-05 16:32:47, EXEC, v:1, k:ed@wordsearch, mode:FULL, rate:75, size:99
2026-07-05 16:32:55, EXEC, v:1, k:ed@wordsearch, mode:FULL, rate:0, size:95
2026-07-05 16:33:21, EXEC, v:1, k:ed@wordsearch, mode:FULL, rate:75, size:99
2026-07-05 16:33:29, EXEC, v:1, k:ed@wordsearch, mode:FULL, rate:75, size:99
2026-07-05 16:34:51, EXEC, v:1, k:ed@wordsearch, mode:FULL, rate:75
2026-07-05 16:33:27, MOVE, v:1, k:ed@wordsearch, mode:EDIT
2026-07-05 16:34:51, MOVE, v:1, k:ed@wordsearch, mode:EDIT
2026-07-05 16:40:03, MOVE, v:1, k:ed@wordsearch, mode:EDIT
2026-07-05 16:41:50, MOVE, v:1, k:ed@wordsearch, mode:BACK
2026-07-05 16:41:55, MOVE, v:1, k:ed@wordsearch, mode:PICK
2026-07-05 16:42:22, EXEC, v:1, k:ed@wordsearch, mode:FULL, rate:75, size:101
2026-07-05 16:44:23, MOVE, v:1, k:ed@wordsearch, mode:EDIT
2026-07-05 16:42:21, MOVE, v:1, k:ed@wordsearch, mode:EDIT
2026-07-05 16:50:00, EXEC, v:1, k:ed@wordsearch, mode:FULL, rate:75, size:101
2026-07-05 16:50:07, MOVE, v:1, k:ed@wordsearch, mode:EDIT
2026-07-05 16:49:59, MOVE, v:1, k:ed@wordsearch, mode:EDIT
2026-07-05 16:50:10, EXEC, v:1, k:ed@wordsearch, mode:FULL, rate:75, size:101
2026-07-05 16:50:19, MOVE, v:1, k:ed@wordsearch, mode:BACK
2026-07-05 16:50:26, MOVE, v:1, k:ed@wordsearch, mode:PICK
2026-07-05 16:51:02, EXEC, v:1, k:ed@wordsearch, mode:FULL, rate:100, size:103
2026-07-05 16:51:09, EXEC, v:1, k:ed@wordsearch, mode:FULL, rate:100
2026-07-05 16:51:11, MOVE, v:1, k:ed@wordsearch, mode:BACK
2026-07-05 16:51:23, MOVE, v:1, k:ed@wordsearch, mode:PICK
2026-07-05 16:51:24, EXEC, v:1, k:ed@wordsearch, mode:FULL, rate:100
2026-07-05 16:52:06, EXEC, v:1, k:ed@wordsearch, mode:FULL, rate:100
2026-07-05 16:55:57, EXEC, v:1, k:ed@wordsearch, mode:FULL, rate:100
2026-07-05 16:55:56, MOVE, v:1, k:ed@wordsearch, mode:EDIT
2026-07-05 16:58:23, EXEC, v:1, k:ed@wordsearch, mode:FULL, rate:100
2026-07-05 16:58:24, MOVE, v:1, k:ed@wordsearch, mode:BACK
2026-07-05 16:59:50, SELF, v:1, k:ed@wordsearch, self:1, rate:100, study:140, concept:1, refactor:1
2026-07-05 17:01:07, MOVE, v:1, k:ed@serial, mode:DOWN
2026-07-05 17:01:08, MOVE, v:1, k:ed@serial, mode:PICK
2026-07-05 17:01:07, MOVE, v:1, k:ed@serial, mode:EDIT
2026-07-05 17:01:07, MOVE, v:1, k:ed@serial, mode:EDIT
2026-07-05 17:10:00, MOVE, v:1, k:ed@serial, mode:BACK
2026-07-05 17:20:21, MOVE, v:1, k:ed@serial, mode:PICK
2026-07-05 17:20:23, EXEC, v:1, k:ed@serial, mode:FULL, rate:0, size:65
2026-07-05 17:20:22, MOVE, v:1, k:ed@serial, mode:EDIT
2026-07-05 17:25:01, EXEC, v:1, k:ed@serial, mode:FULL, rate:0
2026-07-05 17:27:33, EXEC, v:1, k:ed@serial, mode:FULL, size:67, fail:COMP
2026-07-05 17:25:00, MOVE, v:1, k:ed@serial, mode:EDIT
2026-07-05 17:28:23, MOVE, v:1, k:ed@serial, mode:EDIT
2026-07-05 17:30:10, MOVE, v:1, k:ed@serial, mode:EDIT
2026-07-05 17:38:18, EXEC, v:1, k:ed@serial, mode:FULL, rate:100, size:79
2026-07-05 17:38:20, MOVE, v:1, k:ed@serial, mode:BACK
2026-07-05 17:38:43, SELF, v:1, k:ed@serial, self:1, rate:100, study:40, concept:1
2026-07-05 17:38:46, MOVE, v:1, k:ed@formatada, mode:DOWN
2026-07-05 17:38:47, MOVE, v:1, k:ed@formatada, mode:PICK
2026-07-05 17:38:46, MOVE, v:1, k:ed@formatada, mode:EDIT
2026-07-05 17:38:46, MOVE, v:1, k:ed@formatada, mode:EDIT
2026-07-05 17:45:05, EXEC, v:1, k:ed@formatada, mode:FULL, rate:0, size:72
2026-07-05 17:45:04, MOVE, v:1, k:ed@formatada, mode:EDIT
2026-07-05 17:51:53, EXEC, v:1, k:ed@formatada, mode:FULL, rate:0
2026-07-05 17:51:53, MOVE, v:1, k:ed@formatada, mode:EDIT
2026-07-05 17:53:23, MOVE, v:1, k:ed@formatada, mode:EDIT
2026-07-05 17:56:49, EXEC, v:1, k:ed@formatada, mode:FULL, size:79, fail:COMP
2026-07-05 17:56:50, MOVE, v:1, k:ed@formatada, mode:BACK
2026-07-05 18:06:53, MOVE, v:1, k:ed@formatada, mode:EDIT
2026-07-05 18:07:48, MOVE, v:1, k:ed@formatada, mode:EDIT
2026-07-05 18:12:14, MOVE, v:1, k:ed@formatada, mode:PICK
2026-07-05 18:12:17, EXEC, v:1, k:ed@formatada, mode:FULL, rate:0, size:84
2026-07-05 18:12:20, MOVE, v:1, k:ed@formatada, mode:BACK
2026-07-05 18:12:23, MOVE, v:1, k:ed@formatada, mode:PICK
2026-07-05 18:16:32, MOVE, v:1, k:ed@formatada, mode:EDIT
2026-07-05 18:17:49, EXEC, v:1, k:ed@formatada, mode:FULL, rate:14, size:89
2026-07-05 18:18:53, EXEC, v:1, k:ed@formatada, mode:FULL, rate:14, size:95
2026-07-05 18:19:07, EXEC, v:1, k:ed@formatada, mode:FULL, rate:14, size:95
2026-07-05 18:19:09, MOVE, v:1, k:ed@formatada, mode:BACK
2026-07-05 18:19:18, MOVE, v:1, k:ed@formatada, mode:PICK
2026-07-05 18:19:19, EXEC, v:1, k:ed@formatada, mode:FULL, rate:14
2026-07-05 18:19:54, EXEC, v:1, k:ed@formatada, mode:FULL, size:96, fail:COMP
2026-07-05 18:20:10, EXEC, v:1, k:ed@formatada, mode:FULL, rate:14, size:96
2026-07-05 18:20:39, EXEC, v:1, k:ed@formatada, mode:FULL, rate:14, size:97
2026-07-05 18:20:49, EXEC, v:1, k:ed@formatada, mode:FULL, rate:14, size:96
2026-07-05 18:20:49, MOVE, v:1, k:ed@formatada, mode:EDIT
2026-07-05 18:20:46, MOVE, v:1, k:ed@formatada, mode:EDIT
2026-07-05 18:26:54, EXEC, v:1, k:ed@formatada, mode:FULL, rate:14, size:96
2026-07-05 18:27:12, EXEC, v:1, k:ed@formatada, mode:FULL, rate:28, size:96
2026-07-05 18:27:20, EXEC, v:1, k:ed@formatada, mode:FULL, rate:100, size:96
2026-07-05 18:27:23, MOVE, v:1, k:ed@formatada, mode:BACK
2026-07-05 18:28:35, SELF, v:1, k:ed@formatada, self:1, rate:100, study:60, concept:1
2026-07-05 18:31:48, MOVE, v:1, k:ed@inverter, mode:DOWN
2026-07-05 18:31:48, MOVE, v:1, k:ed@inverter, mode:PICK
2026-07-05 18:31:54, MOVE, v:1, k:ed@inverter, mode:BACK
2026-07-05 18:32:02, MOVE, v:1, k:ed@inverter, mode:PICK
2026-07-05 18:32:04, EXEC, v:1, k:ed@inverter, mode:FULL, rate:16, size:72
2026-07-05 18:31:48, MOVE, v:1, k:ed@inverter, mode:EDIT
2026-07-05 18:35:39, MOVE, v:1, k:ed@inverter, mode:EDIT
2026-07-05 18:32:03, MOVE, v:1, k:ed@inverter, mode:EDIT
2026-07-05 18:38:33, MOVE, v:1, k:ed@inverter, mode:BACK
2026-07-05 18:38:42, MOVE, v:1, k:ed@inverter, mode:PICK
2026-07-05 18:39:42, EXEC, v:1, k:ed@inverter, mode:FULL, rate:100, size:79
2026-07-05 18:39:46, MOVE, v:1, k:ed@inverter, mode:BACK
2026-07-05 18:39:49, MOVE, v:1, k:ed@inverter, mode:PICK
2026-07-05 18:39:51, EXEC, v:1, k:ed@inverter, mode:FULL, rate:100
2026-07-05 18:44:18, EXEC, v:1, k:ed@inverter, mode:FULL, rate:100
2026-07-05 18:44:18, MOVE, v:1, k:ed@inverter, mode:BACK
2026-07-05 18:45:08, SELF, v:1, k:ed@inverter, self:1, rate:100, study:15
2026-07-05 18:46:21, MOVE, v:1, k:ed@clonar, mode:DOWN
2026-07-05 18:46:22, MOVE, v:1, k:ed@clonar, mode:PICK
2026-07-05 18:46:21, MOVE, v:1, k:ed@clonar, mode:EDIT
2026-07-05 18:46:21, MOVE, v:1, k:ed@clonar, mode:EDIT
2026-07-05 18:51:29, EXEC, v:1, k:ed@clonar, mode:FULL, size:78, fail:COMP
2026-07-05 18:51:29, MOVE, v:1, k:ed@clonar, mode:BACK
2026-07-05 22:25:05, MOVE, v:1, k:ed@clonar, mode:PICK
2026-07-05 22:25:07, EXEC, v:1, k:ed@clonar, mode:FULL, fail:COMP
2026-07-05 22:26:29, EXEC, v:1, k:ed@clonar, mode:FULL, rate:16, size:81
2026-07-05 22:26:31, MOVE, v:1, k:ed@clonar, mode:BACK
2026-07-05 22:26:36, MOVE, v:1, k:ed@clonar, mode:PICK
2026-07-05 22:26:37, EXEC, v:1, k:ed@clonar, mode:FULL, rate:16
2026-07-05 22:29:48, EXEC, v:1, k:ed@clonar, mode:FULL, size:83, fail:COMP
2026-07-05 22:30:27, EXEC, v:1, k:ed@clonar, mode:FULL, rate:100, size:83
2026-07-05 22:31:06, MOVE, v:1, k:ed@clonar, mode:BACK
2026-07-05 22:31:12, MOVE, v:1, k:ed@clonar, mode:PICK
2026-07-05 22:31:30, EXEC, v:1, k:ed@clonar, mode:FULL, rate:100
2026-07-05 22:31:45, EXEC, v:1, k:ed@clonar, mode:FULL, rate:100
2026-07-05 22:31:46, MOVE, v:1, k:ed@clonar, mode:BACK
2026-07-05 22:32:01, SELF, v:1, k:ed@clonar, self:1, rate:100, study:14
2026-07-05 22:32:04, MOVE, v:1, k:ed@soma, mode:DOWN
2026-07-05 22:32:04, MOVE, v:1, k:ed@soma, mode:PICK
2026-07-05 22:36:12, EXEC, v:1, k:ed@soma, mode:FULL, rate:0, size:83
2026-07-05 22:32:04, MOVE, v:1, k:ed@soma, mode:EDIT
2026-07-05 22:32:04, MOVE, v:1, k:ed@soma, mode:EDIT
2026-07-05 22:36:11, MOVE, v:1, k:ed@soma, mode:EDIT
2026-07-05 22:39:00, MOVE, v:1, k:ed@soma, mode:EDIT
2026-07-05 22:45:02, EXEC, v:1, k:ed@soma, mode:FULL, size:85, fail:COMP
2026-07-05 22:46:49, MOVE, v:1, k:ed@soma, mode:EDIT
2026-07-05 22:47:15, EXEC, v:1, k:ed@soma, mode:FULL, rate:100, size:101
2026-07-05 22:47:20, EXEC, v:1, k:ed@soma, mode:FULL, rate:100
2026-07-05 22:47:21, MOVE, v:1, k:ed@soma, mode:BACK
2026-07-05 22:47:32, MOVE, v:1, k:ed@soma, mode:PICK
2026-07-05 22:48:56, EXEC, v:1, k:ed@soma, mode:FULL, rate:100
2026-07-05 22:48:58, MOVE, v:1, k:ed@soma, mode:BACK
2026-07-05 22:49:29, MOVE, v:1, k:ed@soma, mode:PICK
2026-07-05 22:51:05, EXEC, v:1, k:ed@soma, mode:FULL, rate:100
2026-07-05 22:51:06, MOVE, v:1, k:ed@soma, mode:BACK
2026-07-05 22:51:29, SELF, v:1, k:ed@soma, self:1, rate:100, study:20
2026-07-05 22:51:39, MOVE, v:1, k:ed@altura, mode:DOWN
2026-07-05 22:51:39, MOVE, v:1, k:ed@altura, mode:PICK
2026-07-05 22:51:39, MOVE, v:1, k:ed@altura, mode:EDIT
2026-07-05 22:51:39, MOVE, v:1, k:ed@altura, mode:EDIT
2026-07-05 22:58:43, EXEC, v:1, k:ed@altura, mode:FULL, rate:0, size:108
2026-07-05 22:58:44, MOVE, v:1, k:ed@altura, mode:BACK
2026-07-05 23:04:22, MOVE, v:1, k:ed@altura, mode:PICK
2026-07-05 23:28:15, MOVE, v:1, k:ed@altura, mode:EDIT
2026-07-05 23:32:43, MOVE, v:1, k:ed@altura, mode:BACK
2026-07-05 23:53:32, MOVE, v:1, k:ed@altura, mode:PICK
2026-07-05 23:53:33, EXEC, v:1, k:ed@altura, mode:FULL, size:113, fail:COMP
2026-07-05 23:55:48, MOVE, v:1, k:ed@altura, mode:EDIT
