2026-07-06 00:00:52, EXEC, v:1, k:ed@altura, mode:FULL, rate:0, size:121
2026-07-06 00:02:03, EXEC, v:1, k:ed@altura, mode:FULL, rate:0, size:127
2026-07-06 00:02:01, MOVE, v:1, k:ed@altura, mode:EDIT
2026-07-06 00:02:02, MOVE, v:1, k:ed@altura, mode:EDIT
2026-07-06 00:14:53, EXEC, v:1, k:ed@altura, mode:FULL, rate:0
2026-07-06 00:17:42, EXEC, v:1, k:ed@altura, mode:FULL, size:140, fail:COMP
2026-07-06 00:17:48, EXEC, v:1, k:ed@altura, mode:FULL, rate:0, size:140
2026-07-06 00:17:47, MOVE, v:1, k:ed@altura, mode:EDIT
2026-07-06 00:18:23, MOVE, v:1, k:ed@altura, mode:EDIT
2026-07-06 00:18:26, EXEC, v:1, k:ed@altura, mode:FULL, rate:0, size:144
2026-07-06 00:19:02, EXEC, v:1, k:ed@altura, mode:FULL, rate:14, size:144
2026-07-06 00:20:02, EXEC, v:1, k:ed@altura, mode:FULL, rate:100, size:144
2026-07-06 00:20:05, MOVE, v:1, k:ed@altura, mode:BACK
2026-07-06 00:20:28, SELF, v:1, k:ed@altura, self:1, rate:100, study:60
2026-07-06 00:21:36, MOVE, v:1, k:ed@compare, mode:DOWN
2026-07-06 00:21:38, MOVE, v:1, k:ed@compare, mode:PICK
2026-07-06 00:21:43, EXEC, v:1, k:ed@compare, mode:FULL, rate:25, size:83
2026-07-06 00:22:01, MOVE, v:1, k:ed@compare, mode:BACK
2026-07-06 00:22:08, MOVE, v:1, k:ed@compare, mode:PICK
2026-07-06 00:24:39, MOVE, v:1, k:ed@compare, mode:EDIT
2026-07-06 00:31:41, MOVE, v:1, k:ed@compare, mode:EDIT
2026-07-06 00:33:58, EXEC, v:1, k:ed@compare, mode:FULL, size:108, fail:COMP
2026-07-06 00:34:40, EXEC, v:1, k:ed@compare, mode:FULL, size:108, fail:COMP
2026-07-06 00:34:54, EXEC, v:1, k:ed@compare, mode:FULL, rate:87, size:108
2026-07-06 00:34:58, MOVE, v:1, k:ed@compare, mode:BACK
2026-07-06 00:35:02, MOVE, v:1, k:ed@compare, mode:PICK
2026-07-06 00:35:06, EXEC, v:1, k:ed@compare, mode:FULL, rate:87
2026-07-06 00:37:46, EXEC, v:1, k:ed@compare, mode:FULL, rate:87
2026-07-06 00:37:58, EXEC, v:1, k:ed@compare, mode:FULL, rate:100, size:108
2026-07-06 00:38:00, MOVE, v:1, k:ed@compare, mode:BACK
2026-07-06 00:38:05, MOVE, v:1, k:ed@compare, mode:PICK
2026-07-06 00:38:36, EXEC, v:1, k:ed@compare, mode:FULL, rate:100
2026-07-06 00:38:36, MOVE, v:1, k:ed@compare, mode:BACK
2026-07-06 00:38:49, SELF, v:1, k:ed@compare, self:1, rate:100, study:17
