2026-07-07 00:02:02, MOVE, v:1, k:ed@bst_insert, mode:BACK
2026-07-07 00:02:10, MOVE, v:1, k:ed@bst_insert, mode:PICK
2026-07-07 00:06:34, EXEC, v:1, k:ed@bst_insert, mode:FULL, rate:100
2026-07-07 00:06:34, MOVE, v:1, k:ed@bst_insert, mode:BACK
2026-07-07 00:07:03, SELF, v:1, k:ed@bst_insert, self:1, rate:100, study:40, concept:1, refactor:1
2026-07-07 00:16:36, SELF, v:1, k:ed@bst_insert, self:1, rate:100, concept:1, problem:1, refactor:1
2026-07-07 18:19:18, MOVE, v:1, k:ed@editorint, mode:PICK
2026-07-07 18:19:48, MOVE, v:1, k:ed@editorint, mode:BACK
2026-07-07 20:05:59, MOVE, v:1, k:ed@caminho, mode:DOWN
2026-07-07 20:06:00, MOVE, v:1, k:ed@caminho, mode:PICK
2026-07-07 20:06:55, MOVE, v:1, k:ed@caminho, mode:BACK
2026-07-07 20:06:57, MOVE, v:1, k:ed@caminho, mode:PICK
2026-07-07 20:05:59, MOVE, v:1, k:ed@caminho, mode:EDIT
2026-07-07 20:05:59, MOVE, v:1, k:ed@caminho, mode:EDIT
2026-07-07 20:05:59, MOVE, v:1, k:ed@caminho, mode:EDIT
2026-07-07 20:10:54, EXEC, v:1, k:ed@caminho, mode:FULL, size:111, fail:COMP
2026-07-07 20:15:41, MOVE, v:1, k:ed@caminho, mode:EDIT
2026-07-07 20:18:13, MOVE, v:1, k:ed@caminho, mode:EDIT
2026-07-07 20:22:53, EXEC, v:1, k:ed@caminho, mode:FULL, size:114, fail:COMP
2026-07-07 20:22:53, MOVE, v:1, k:ed@caminho, mode:BACK
